17:43:21 **** Incremental Build of configuration Debug for project usb_composite_with_nucleo_u575zi-q ****
make -j12 all 
arm-none-eabi-gcc "../Core/Src/main.c" -mcpu=cortex-m33 -std=gnu11 -g3 -DDEBUG -DUSE_FULL_LL_DRIVER -DUSE_HAL_DRIVER -DSTM32U575xx -c -I../Core/Inc -I../Drivers/STM32U5xx_HAL_Driver/Inc -I../Drivers/STM32U5xx_HAL_Driver/Inc/Legacy -I../Drivers/CMSIS/Device/ST/STM32U5xx/Include -I../Drivers/CMSIS/Include -O0 -ffunction-sections -fdata-sections -Wall -fstack-usage -fcyclomatic-complexity -MMD -MP -MF"Core/Src/main.d" -MT"Core/Src/main.o" --specs=nano.specs -mfpu=fpv5-sp-d16 -mfloat-abi=hard -mthumb -o "Core/Src/main.o"
arm-none-eabi-gcc -o "usb_composite_with_nucleo_u575zi-q.elf" @"objects.list"   -mcpu=cortex-m33 -T"D:\software\STM32CubeIDE\usb_composite_with_nucleo_u575zi-q\STM32U575ZITXQ_FLASH.ld" --specs=nosys.specs -Wl,-Map="usb_composite_with_nucleo_u575zi-q.map" -Wl,--gc-sections -static --specs=nano.specs -mfpu=fpv5-sp-d16 -mfloat-abi=hard -mthumb -Wl,--start-group -lc -lm -Wl,--end-group
Finished building target: usb_composite_with_nucleo_u575zi-q.elf
 
arm-none-eabi-size  usb_composite_with_nucleo_u575zi-q.elf 
arm-none-eabi-objdump -h -S usb_composite_with_nucleo_u575zi-q.elf  > "usb_composite_with_nucleo_u575zi-q.list"
   text	   data	    bss	    dec	    hex	filename
  35916	      9	   3108	  39033	   9879	usb_composite_with_nucleo_u575zi-q.elf
Finished building: default.size.stdout
 
Finished building: usb_composite_with_nucleo_u575zi-q.list
 
21:06:54 **** Incremental Build of configuration Debug for project usb_composite_with_nucleo_u575zi-q ****
make -j12 all 
arm-none-eabi-size  usb_composite_with_nucleo_u575zi-q.elf 
   text	   data	    bss	    dec	    hex	filename
  35916	      9	   3108	  39033	   9879	usb_composite_with_nucleo_u575zi-q.elf
Finished building: default.size.stdout
 
21:25:31 **** Clean-only build of configuration Debug for project usb_composite_with_nucleo_u575zi-q ****
make -j12 clean 
rm -rf ./Drivers/STM32U5xx_HAL_Driver/Src/stm32u5xx_hal.cyclo ./Drivers/STM32U5xx_HAL_Driver/Src/stm32u5xx_hal.d ./Drivers/STM32U5xx_HAL_Driver/Src/stm32u5xx_hal.o ./Drivers/STM32U5xx_HAL_Driver/Src/stm32u5xx_hal.su ./Drivers/STM32U5xx_HAL_Driver/Src/stm32u5xx_hal_adc.cyclo ./Drivers/STM32U5xx_HAL_Driver/Src/stm32u5xx_hal_adc.d ./Drivers/STM32U5xx_HAL_Driver/Src/stm32u5xx_hal_adc.o ./Drivers/STM32U5xx_HAL_Driver/Src/stm32u5xx_hal_adc.su ./Drivers/STM32U5xx_HAL_Driver/Src/stm32u5xx_hal_adc_ex.cyclo ./Drivers/STM32U5xx_HAL_Driver/Src/stm32u5xx_hal_adc_ex.d ./Drivers/STM32U5xx_HAL_Driver/Src/stm32u5xx_hal_adc_ex.o ./Drivers/STM32U5xx_HAL_Driver/Src/stm32u5xx_hal_adc_ex.su ./Drivers/STM32U5xx_HAL_Driver/Src/stm32u5xx_hal_cortex.cyclo ./Drivers/STM32U5xx_HAL_Driver/Src/stm32u5xx_hal_cortex.d ./Drivers/STM32U5xx_HAL_Driver/Src/stm32u5xx_hal_cortex.o ./Drivers/STM32U5xx_HAL_Driver/Src/stm32u5xx_hal_cortex.su ./Drivers/STM32U5xx_HAL_Driver/Src/stm32u5xx_hal_dma.cyclo ./Drivers/STM32U5xx_HAL_Driver/Src/stm32u5xx_hal_dma.d ./Drivers/STM32U5xx_HAL_Driver/Src/stm32u5xx_hal_dma.o ./Drivers/STM32U5xx_HAL_Driver/Src/stm32u5xx_hal_dma.su ./Drivers/STM32U5xx_HAL_Driver/Src/stm32u5xx_hal_dma_ex.cyclo ./Drivers/STM32U5xx_HAL_Driver/Src/stm32u5xx_hal_dma_ex.d ./Drivers/STM32U5xx_HAL_Driver/Src/stm32u5xx_hal_dma_ex.o ./Drivers/STM32U5xx_HAL_Driver/Src/stm32u5xx_hal_dma_ex.su ./Drivers/STM32U5xx_HAL_Driver/Src/stm32u5xx_hal_exti.cyclo ./Drivers/STM32U5xx_HAL_Driver/Src/stm32u5xx_hal_exti.d ./Drivers/STM32U5xx_HAL_Driver/Src/stm32u5xx_hal_exti.o ./Drivers/STM32U5xx_HAL_Driver/Src/stm32u5xx_hal_exti.su ./Drivers/STM32U5xx_HAL_Driver/Src/stm32u5xx_hal_flash.cyclo ./Drivers/STM32U5xx_HAL_Driver/Src/stm32u5xx_hal_flash.d ./Drivers/STM32U5xx_HAL_Driver/Src/stm32u5xx_hal_flash.o ./Drivers/STM32U5xx_HAL_Driver/Src/stm32u5xx_hal_flash.su ./Drivers/STM32U5xx_HAL_Driver/Src/stm32u5xx_hal_flash_ex.cyclo ./Drivers/STM32U5xx_HAL_Driver/Src/stm32u5xx_hal_flash_ex.d ./Drivers/STM32U5xx_HAL_Driver/Src/stm32u5xx_hal_flash_ex.o ./Drivers/STM32U5xx_HAL_Driver/Src/stm32u5xx_hal_flash_ex.su ./Drivers/STM32U5xx_HAL_Driver/Src/stm32u5xx_hal_gpio.cyclo ./Drivers/STM32U5xx_HAL_Driver/Src/stm32u5xx_hal_gpio.d ./Drivers/STM32U5xx_HAL_Driver/Src/stm32u5xx_hal_gpio.o ./Drivers/STM32U5xx_HAL_Driver/Src/stm32u5xx_hal_gpio.su ./Drivers/STM32U5xx_HAL_Driver/Src/stm32u5xx_hal_gtzc.cyclo ./Drivers/STM32U5xx_HAL_Driver/Src/stm32u5xx_hal_gtzc.d ./Drivers/STM32U5xx_HAL_Driver/Src/stm32u5xx_hal_gtzc.o ./Drivers/STM32U5xx_HAL_Driver/Src/stm32u5xx_hal_gtzc.su ./Drivers/STM32U5xx_HAL_Driver/Src/stm32u5xx_hal_i2c.cyclo ./Drivers/STM32U5xx_HAL_Driver/Src/stm32u5xx_hal_i2c.d ./Drivers/STM32U5xx_HAL_Driver/Src/stm32u5xx_hal_i2c.o ./Drivers/STM32U5xx_HAL_Driver/Src/stm32u5xx_hal_i2c.su ./Drivers/STM32U5xx_HAL_Driver/Src/stm32u5xx_hal_i2c_ex.cyclo ./Drivers/STM32U5xx_HAL_Driver/Src/stm32u5xx_hal_i2c_ex.d ./Drivers/STM32U5xx_HAL_Driver/Src/stm32u5xx_hal_i2c_ex.o ./Drivers/STM32U5xx_HAL_Driver/Src/stm32u5xx_hal_i2c_ex.su ./Drivers/STM32U5xx_HAL_Driver/Src/stm32u5xx_hal_icache.cyclo ./Drivers/STM32U5xx_HAL_Driver/Src/stm32u5xx_hal_icache.d ./Drivers/STM32U5xx_HAL_Driver/Src/stm32u5xx_hal_icache.o ./Drivers/STM32U5xx_HAL_Driver/Src/stm32u5xx_hal_icache.su ./Drivers/STM32U5xx_HAL_Driver/Src/stm32u5xx_hal_pcd.cyclo ./Drivers/STM32U5xx_HAL_Driver/Src/stm32u5xx_hal_pcd.d ./Drivers/STM32U5xx_HAL_Driver/Src/stm32u5xx_hal_pcd.o ./Drivers/STM32U5xx_HAL_Driver/Src/stm32u5xx_hal_pcd.su ./Drivers/STM32U5xx_HAL_Driver/Src/stm32u5xx_hal_pcd_ex.cyclo ./Drivers/STM32U5xx_HAL_Driver/Src/stm32u5xx_hal_pcd_ex.d ./Drivers/STM32U5xx_HAL_Driver/Src/stm32u5xx_hal_pcd_ex.o ./Drivers/STM32U5xx_HAL_Driver/Src/stm32u5xx_hal_pcd_ex.su ./Drivers/STM32U5xx_HAL_Driver/Src/stm32u5xx_hal_pwr.cyclo ./Drivers/STM32U5xx_HAL_Driver/Src/stm32u5xx_hal_pwr.d ./Drivers/STM32U5xx_HAL_Driver/Src/stm32u5xx_hal_pwr.o ./Drivers/STM32U5xx_HAL_Driver/Src/stm32u5xx_hal_pwr.su ./Drivers/STM32U5xx_HAL_Driver/Src/stm32u5xx_hal_pwr_ex.cyclo ./Drivers/STM32U5xx_HAL_Driver/Src/stm32u5xx_hal_pwr_ex.d ./Drivers/STM32U5xx_HAL_Driver/Src/stm32u5xx_hal_pwr_ex.o ./Drivers/STM32U5xx_HAL_Driver/Src/stm32u5xx_hal_pwr_ex.su ./Drivers/STM32U5xx_HAL_Driver/Src/stm32u5xx_hal_rcc.cyclo ./Drivers/STM32U5xx_HAL_Driver/Src/stm32u5xx_hal_rcc.d ./Drivers/STM32U5xx_HAL_Driver/Src/stm32u5xx_hal_rcc.o ./Drivers/STM32U5xx_HAL_Driver/Src/stm32u5xx_hal_rcc.su ./Drivers/STM32U5xx_HAL_Driver/Src/stm32u5xx_hal_rcc_ex.cyclo ./Drivers/STM32U5xx_HAL_Driver/Src/stm32u5xx_hal_rcc_ex.d ./Drivers/STM32U5xx_HAL_Driver/Src/stm32u5xx_hal_rcc_ex.o ./Drivers/STM32U5xx_HAL_Driver/Src/stm32u5xx_hal_rcc_ex.su ./Drivers/STM32U5xx_HAL_Driver/Src/stm32u5xx_hal_tim.cyclo ./Drivers/STM32U5xx_HAL_Driver/Src/stm32u5xx_hal_tim.d ./Drivers/STM32U5xx_HAL_Driver/Src/stm32u5xx_hal_tim.o ./Drivers/STM32U5xx_HAL_Driver/Src/stm32u5xx_hal_tim.su ./Drivers/STM32U5xx_HAL_Driver/Src/stm32u5xx_hal_tim_ex.cyclo ./Drivers/STM32U5xx_HAL_Driver/Src/stm32u5xx_hal_tim_ex.d ./Drivers/STM32U5xx_HAL_Driver/Src/stm32u5xx_hal_tim_ex.o ./Drivers/STM32U5xx_HAL_Driver/Src/stm32u5xx_hal_tim_ex.su ./Drivers/STM32U5xx_HAL_Driver/Src/stm32u5xx_hal_uart.cyclo ./Drivers/STM32U5xx_HAL_Driver/Src/stm32u5xx_hal_uart.d ./Drivers/STM32U5xx_HAL_Driver/Src/stm32u5xx_hal_uart.o ./Drivers/STM32U5xx_HAL_Driver/Src/stm32u5xx_hal_uart.su ./Drivers/STM32U5xx_HAL_Driver/Src/stm32u5xx_hal_uart_ex.cyclo ./Drivers/STM32U5xx_HAL_Driver/Src/stm32u5xx_hal_uart_ex.d ./Drivers/STM32U5xx_HAL_Driver/Src/stm32u5xx_hal_uart_ex.o ./Drivers/STM32U5xx_HAL_Driver/Src/stm32u5xx_hal_uart_ex.su ./Drivers/STM32U5xx_HAL_Driver/Src/stm32u5xx_ll_dma.cyclo ./Drivers/STM32U5xx_HAL_Driver/Src/stm32u5xx_ll_dma.d ./Drivers/STM32U5xx_HAL_Driver/Src/stm32u5xx_ll_dma.o ./Drivers/STM32U5xx_HAL_Driver/Src/stm32u5xx_ll_dma.su ./Drivers/STM32U5xx_HAL_Driver/Src/stm32u5xx_ll_exti.cyclo ./Drivers/STM32U5xx_HAL_Driver/Src/stm32u5xx_ll_exti.d ./Drivers/STM32U5xx_HAL_Driver/Src/stm32u5xx_ll_exti.o
rm -rf ./Core/Startup/startup_stm32u575zitxq.d ./Core/Startup/startup_stm32u575zitxq.o
rm -rf ./Core/Src/main.cyclo ./Core/Src/main.d ./Core/Src/main.o ./Core/Src/main.su ./Core/Src/stm32u5xx_hal_msp.cyclo ./Core/Src/stm32u5xx_hal_msp.d ./Core/Src/stm32u5xx_hal_msp.o ./Core/Src/stm32u5xx_hal_msp.su ./Core/Src/stm32u5xx_it.cyclo ./Core/Src/stm32u5xx_it.d ./Core/Src/stm32u5xx_it.o ./Core/Src/stm32u5xx_it.su ./Core/Src/syscalls.cyclo ./Core/Src/syscalls.d ./Core/Src/syscalls.o ./Core/Src/syscalls.su ./Core/Src/sysmem.cyclo ./Core/Src/sysmem.d ./Core/Src/sysmem.o ./Core/Src/sysmem.su ./Core/Src/system_stm32u5xx.cyclo ./Core/Src/system_stm32u5xx.d ./Core/Src/system_stm32u5xx.o ./Core/Src/system_stm32u5xx.su
rm -rf ./Drivers/STM32U5xx_HAL_Driver/Src/stm32u5xx_ll_exti.su ./Drivers/STM32U5xx_HAL_Driver/Src/stm32u5xx_ll_gpio.cyclo ./Drivers/STM32U5xx_HAL_Driver/Src/stm32u5xx_ll_gpio.d ./Drivers/STM32U5xx_HAL_Driver/Src/stm32u5xx_ll_gpio.o ./Drivers/STM32U5xx_HAL_Driver/Src/stm32u5xx_ll_gpio.su ./Drivers/STM32U5xx_HAL_Driver/Src/stm32u5xx_ll_lpgpio.cyclo ./Drivers/STM32U5xx_HAL_Driver/Src/stm32u5xx_ll_lpgpio.d ./Drivers/STM32U5xx_HAL_Driver/Src/stm32u5xx_ll_lpgpio.o ./Drivers/STM32U5xx_HAL_Driver/Src/stm32u5xx_ll_lpgpio.su ./Drivers/STM32U5xx_HAL_Driver/Src/stm32u5xx_ll_ucpd.cyclo ./Drivers/STM32U5xx_HAL_Driver/Src/stm32u5xx_ll_ucpd.d ./Drivers/STM32U5xx_HAL_Driver/Src/stm32u5xx_ll_ucpd.o ./Drivers/STM32U5xx_HAL_Driver/Src/stm32u5xx_ll_ucpd.su ./Drivers/STM32U5xx_HAL_Driver/Src/stm32u5xx_ll_usb.cyclo ./Drivers/STM32U5xx_HAL_Driver/Src/stm32u5xx_ll_usb.d ./Drivers/STM32U5xx_HAL_Driver/Src/stm32u5xx_ll_usb.o ./Drivers/STM32U5xx_HAL_Driver/Src/stm32u5xx_ll_usb.su ./Drivers/STM32U5xx_HAL_Driver/Src/stm32u5xx_ll_utils.cyclo ./Drivers/STM32U5xx_HAL_Driver/Src/stm32u5xx_ll_utils.d ./Drivers/STM32U5xx_HAL_Driver/Src/stm32u5xx_ll_utils.o ./Drivers/STM32U5xx_HAL_Driver/Src/stm32u5xx_ll_utils.su
rm -rf default.size.stdout usb_composite_with_nucleo_u575zi-q.elf usb_composite_with_nucleo_u575zi-q.list usb_composite_with_nucleo_u575zi-q.map
 
21:25:31 **** Incremental Build of configuration Debug for project usb_composite_with_nucleo_u575zi-q ****
make -j12 all 
arm-none-eabi-gcc "../Middlewares/Third_Party/AL94_USB_Composite/COMPOSITE/Target/usbd_conf.c" -mcpu=cortex-m33 -std=gnu11 -g3 -DDEBUG -DUSE_FULL_LL_DRIVER -DUSE_HAL_DRIVER -DSTM32U575xx -c -I../Core/Inc -I../Drivers/STM32U5xx_HAL_Driver/Inc -I../Drivers/STM32U5xx_HAL_Driver/Inc/Legacy -I../Drivers/CMSIS/Device/ST/STM32U5xx/Include -I../Drivers/CMSIS/Include -I../Composite -I../Middlewares/Third_Party/AL94_USB_Composite/COMPOSITE/Class/COMPOSITE/Inc -I../Middlewares/Third_Party/AL94_USB_Composite/COMPOSITE/Core/Inc -I../Middlewares/Third_Party/AL94_USB_Composite/COMPOSITE/App -I../Middlewares/Third_Party/AL94_USB_Composite/COMPOSITE/Target -I../Middlewares/Third_Party/AL94_USB_Composite/COMPOSITE/Class/HID_MOUSE/Inc -O0 -ffunction-sections -fdata-sections -Wall -fstack-usage -fcyclomatic-complexity -MMD -MP -MF"Middlewares/Third_Party/AL94_USB_Composite/COMPOSITE/Target/usbd_conf.d" -MT"Middlewares/Third_Party/AL94_USB_Composite/COMPOSITE/Target/usbd_conf.o" --specs=nano.specs -mfpu=fpv5-sp-d16 -mfloat-abi=hard -mthumb -o "Middlewares/Third_Party/AL94_USB_Composite/COMPOSITE/Target/usbd_conf.o"
arm-none-eabi-gcc "../Middlewares/Third_Party/AL94_USB_Composite/COMPOSITE/Core/Src/usbd_core.c" -mcpu=cortex-m33 -std=gnu11 -g3 -DDEBUG -DUSE_FULL_LL_DRIVER -DUSE_HAL_DRIVER -DSTM32U575xx -c -I../Core/Inc -I../Drivers/STM32U5xx_HAL_Driver/Inc -I../Drivers/STM32U5xx_HAL_Driver/Inc/Legacy -I../Drivers/CMSIS/Device/ST/STM32U5xx/Include -I../Drivers/CMSIS/Include -I../Composite -I../Middlewares/Third_Party/AL94_USB_Composite/COMPOSITE/Class/COMPOSITE/Inc -I../Middlewares/Third_Party/AL94_USB_Composite/COMPOSITE/Core/Inc -I../Middlewares/Third_Party/AL94_USB_Composite/COMPOSITE/App -I../Middlewares/Third_Party/AL94_USB_Composite/COMPOSITE/Target -I../Middlewares/Third_Party/AL94_USB_Composite/COMPOSITE/Class/HID_MOUSE/Inc -O0 -ffunction-sections -fdata-sections -Wall -fstack-usage -fcyclomatic-complexity -MMD -MP -MF"Middlewares/Third_Party/AL94_USB_Composite/COMPOSITE/Core/Src/usbd_core.d" -MT"Middlewares/Third_Party/AL94_USB_Composite/COMPOSITE/Core/Src/usbd_core.o" --specs=nano.specs -mfpu=fpv5-sp-d16 -mfloat-abi=hard -mthumb -o "Middlewares/Third_Party/AL94_USB_Composite/COMPOSITE/Core/Src/usbd_core.o"
arm-none-eabi-gcc "../Middlewares/Third_Party/AL94_USB_Composite/COMPOSITE/Core/Src/usbd_ctlreq.c" -mcpu=cortex-m33 -std=gnu11 -g3 -DDEBUG -DUSE_FULL_LL_DRIVER -DUSE_HAL_DRIVER -DSTM32U575xx -c -I../Core/Inc -I../Drivers/STM32U5xx_HAL_Driver/Inc -I../Drivers/STM32U5xx_HAL_Driver/Inc/Legacy -I../Drivers/CMSIS/Device/ST/STM32U5xx/Include -I../Drivers/CMSIS/Include -I../Composite -I../Middlewares/Third_Party/AL94_USB_Composite/COMPOSITE/Class/COMPOSITE/Inc -I../Middlewares/Third_Party/AL94_USB_Composite/COMPOSITE/Core/Inc -I../Middlewares/Third_Party/AL94_USB_Composite/COMPOSITE/App -I../Middlewares/Third_Party/AL94_USB_Composite/COMPOSITE/Target -I../Middlewares/Third_Party/AL94_USB_Composite/COMPOSITE/Class/HID_MOUSE/Inc -O0 -ffunction-sections -fdata-sections -Wall -fstack-usage -fcyclomatic-complexity -MMD -MP -MF"Middlewares/Third_Party/AL94_USB_Composite/COMPOSITE/Core/Src/usbd_ctlreq.d" -MT"Middlewares/Third_Party/AL94_USB_Composite/COMPOSITE/Core/Src/usbd_ctlreq.o" --specs=nano.specs -mfpu=fpv5-sp-d16 -mfloat-abi=hard -mthumb -o "Middlewares/Third_Party/AL94_USB_Composite/COMPOSITE/Core/Src/usbd_ctlreq.o"
arm-none-eabi-gcc "../Middlewares/Third_Party/AL94_USB_Composite/COMPOSITE/Core/Src/usbd_ioreq.c" -mcpu=cortex-m33 -std=gnu11 -g3 -DDEBUG -DUSE_FULL_LL_DRIVER -DUSE_HAL_DRIVER -DSTM32U575xx -c -I../Core/Inc -I../Drivers/STM32U5xx_HAL_Driver/Inc -I../Drivers/STM32U5xx_HAL_Driver/Inc/Legacy -I../Drivers/CMSIS/Device/ST/STM32U5xx/Include -I../Drivers/CMSIS/Include -I../Composite -I../Middlewares/Third_Party/AL94_USB_Composite/COMPOSITE/Class/COMPOSITE/Inc -I../Middlewares/Third_Party/AL94_USB_Composite/COMPOSITE/Core/Inc -I../Middlewares/Third_Party/AL94_USB_Composite/COMPOSITE/App -I../Middlewares/Third_Party/AL94_USB_Composite/COMPOSITE/Target -I../Middlewares/Third_Party/AL94_USB_Composite/COMPOSITE/Class/HID_MOUSE/Inc -O0 -ffunction-sections -fdata-sections -Wall -fstack-usage -fcyclomatic-complexity -MMD -MP -MF"Middlewares/Third_Party/AL94_USB_Composite/COMPOSITE/Core/Src/usbd_ioreq.d" -MT"Middlewares/Third_Party/AL94_USB_Composite/COMPOSITE/Core/Src/usbd_ioreq.o" --specs=nano.specs -mfpu=fpv5-sp-d16 -mfloat-abi=hard -mthumb -o "Middlewares/Third_Party/AL94_USB_Composite/COMPOSITE/Core/Src/usbd_ioreq.o"
arm-none-eabi-gcc "../Middlewares/Third_Party/AL94_USB_Composite/COMPOSITE/Class/HID_MOUSE/Src/usbd_hid_mouse.c" -mcpu=cortex-m33 -std=gnu11 -g3 -DDEBUG -DUSE_FULL_LL_DRIVER -DUSE_HAL_DRIVER -DSTM32U575xx -c -I../Core/Inc -I../Drivers/STM32U5xx_HAL_Driver/Inc -I../Drivers/STM32U5xx_HAL_Driver/Inc/Legacy -I../Drivers/CMSIS/Device/ST/STM32U5xx/Include -I../Drivers/CMSIS/Include -I../Composite -I../Middlewares/Third_Party/AL94_USB_Composite/COMPOSITE/Class/COMPOSITE/Inc -I../Middlewares/Third_Party/AL94_USB_Composite/COMPOSITE/Core/Inc -I../Middlewares/Third_Party/AL94_USB_Composite/COMPOSITE/App -I../Middlewares/Third_Party/AL94_USB_Composite/COMPOSITE/Target -I../Middlewares/Third_Party/AL94_USB_Composite/COMPOSITE/Class/HID_MOUSE/Inc -O0 -ffunction-sections -fdata-sections -Wall -fstack-usage -fcyclomatic-complexity -MMD -MP -MF"Middlewares/Third_Party/AL94_USB_Composite/COMPOSITE/Class/HID_MOUSE/Src/usbd_hid_mouse.d" -MT"Middlewares/Third_Party/AL94_USB_Composite/COMPOSITE/Class/HID_MOUSE/Src/usbd_hid_mouse.o" --specs=nano.specs -mfpu=fpv5-sp-d16 -mfloat-abi=hard -mthumb -o "Middlewares/Third_Party/AL94_USB_Composite/COMPOSITE/Class/HID_MOUSE/Src/usbd_hid_mouse.o"
arm-none-eabi-gcc "../Middlewares/Third_Party/AL94_USB_Composite/COMPOSITE/Class/COMPOSITE/Src/usbd_composite.c" -mcpu=cortex-m33 -std=gnu11 -g3 -DDEBUG -DUSE_FULL_LL_DRIVER -DUSE_HAL_DRIVER -DSTM32U575xx -c -I../Core/Inc -I../Drivers/STM32U5xx_HAL_Driver/Inc -I../Drivers/STM32U5xx_HAL_Driver/Inc/Legacy -I../Drivers/CMSIS/Device/ST/STM32U5xx/Include -I../Drivers/CMSIS/Include -I../Composite -I../Middlewares/Third_Party/AL94_USB_Composite/COMPOSITE/Class/COMPOSITE/Inc -I../Middlewares/Third_Party/AL94_USB_Composite/COMPOSITE/Core/Inc -I../Middlewares/Third_Party/AL94_USB_Composite/COMPOSITE/App -I../Middlewares/Third_Party/AL94_USB_Composite/COMPOSITE/Target -I../Middlewares/Third_Party/AL94_USB_Composite/COMPOSITE/Class/HID_MOUSE/Inc -O0 -ffunction-sections -fdata-sections -Wall -fstack-usage -fcyclomatic-complexity -MMD -MP -MF"Middlewares/Third_Party/AL94_USB_Composite/COMPOSITE/Class/COMPOSITE/Src/usbd_composite.d" -MT"Middlewares/Third_Party/AL94_USB_Composite/COMPOSITE/Class/COMPOSITE/Src/usbd_composite.o" --specs=nano.specs -mfpu=fpv5-sp-d16 -mfloat-abi=hard -mthumb -o "Middlewares/Third_Party/AL94_USB_Composite/COMPOSITE/Class/COMPOSITE/Src/usbd_composite.o"
arm-none-eabi-gcc "../Middlewares/Third_Party/AL94_USB_Composite/COMPOSITE/App/usb_device.c" -mcpu=cortex-m33 -std=gnu11 -g3 -DDEBUG -DUSE_FULL_LL_DRIVER -DUSE_HAL_DRIVER -DSTM32U575xx -c -I../Core/Inc -I../Drivers/STM32U5xx_HAL_Driver/Inc -I../Drivers/STM32U5xx_HAL_Driver/Inc/Legacy -I../Drivers/CMSIS/Device/ST/STM32U5xx/Include -I../Drivers/CMSIS/Include -I../Composite -I../Middlewares/Third_Party/AL94_USB_Composite/COMPOSITE/Class/COMPOSITE/Inc -I../Middlewares/Third_Party/AL94_USB_Composite/COMPOSITE/Core/Inc -I../Middlewares/Third_Party/AL94_USB_Composite/COMPOSITE/App -I../Middlewares/Third_Party/AL94_USB_Composite/COMPOSITE/Target -I../Middlewares/Third_Party/AL94_USB_Composite/COMPOSITE/Class/HID_MOUSE/Inc -O0 -ffunction-sections -fdata-sections -Wall -fstack-usage -fcyclomatic-complexity -MMD -MP -MF"Middlewares/Third_Party/AL94_USB_Composite/COMPOSITE/App/usb_device.d" -MT"Middlewares/Third_Party/AL94_USB_Composite/COMPOSITE/App/usb_device.o" --specs=nano.specs -mfpu=fpv5-sp-d16 -mfloat-abi=hard -mthumb -o "Middlewares/Third_Party/AL94_USB_Composite/COMPOSITE/App/usb_device.o"
arm-none-eabi-gcc "../Middlewares/Third_Party/AL94_USB_Composite/COMPOSITE/App/usbd_desc.c" -mcpu=cortex-m33 -std=gnu11 -g3 -DDEBUG -DUSE_FULL_LL_DRIVER -DUSE_HAL_DRIVER -DSTM32U575xx -c -I../Core/Inc -I../Drivers/STM32U5xx_HAL_Driver/Inc -I../Drivers/STM32U5xx_HAL_Driver/Inc/Legacy -I../Drivers/CMSIS/Device/ST/STM32U5xx/Include -I../Drivers/CMSIS/Include -I../Composite -I../Middlewares/Third_Party/AL94_USB_Composite/COMPOSITE/Class/COMPOSITE/Inc -I../Middlewares/Third_Party/AL94_USB_Composite/COMPOSITE/Core/Inc -I../Middlewares/Third_Party/AL94_USB_Composite/COMPOSITE/App -I../Middlewares/Third_Party/AL94_USB_Composite/COMPOSITE/Target -I../Middlewares/Third_Party/AL94_USB_Composite/COMPOSITE/Class/HID_MOUSE/Inc -O0 -ffunction-sections -fdata-sections -Wall -fstack-usage -fcyclomatic-complexity -MMD -MP -MF"Middlewares/Third_Party/AL94_USB_Composite/COMPOSITE/App/usbd_desc.d" -MT"Middlewares/Third_Party/AL94_USB_Composite/COMPOSITE/App/usbd_desc.o" --specs=nano.specs -mfpu=fpv5-sp-d16 -mfloat-abi=hard -mthumb -o "Middlewares/Third_Party/AL94_USB_Composite/COMPOSITE/App/usbd_desc.o"
arm-none-eabi-gcc "../Drivers/STM32U5xx_HAL_Driver/Src/stm32u5xx_hal.c" -mcpu=cortex-m33 -std=gnu11 -g3 -DDEBUG -DUSE_FULL_LL_DRIVER -DUSE_HAL_DRIVER -DSTM32U575xx -c -I../Core/Inc -I../Drivers/STM32U5xx_HAL_Driver/Inc -I../Drivers/STM32U5xx_HAL_Driver/Inc/Legacy -I../Drivers/CMSIS/Device/ST/STM32U5xx/Include -I../Drivers/CMSIS/Include -I../Composite -I../Middlewares/Third_Party/AL94_USB_Composite/COMPOSITE/Class/COMPOSITE/Inc -I../Middlewares/Third_Party/AL94_USB_Composite/COMPOSITE/Core/Inc -I../Middlewares/Third_Party/AL94_USB_Composite/COMPOSITE/App -I../Middlewares/Third_Party/AL94_USB_Composite/COMPOSITE/Target -I../Middlewares/Third_Party/AL94_USB_Composite/COMPOSITE/Class/HID_MOUSE/Inc -O0 -ffunction-sections -fdata-sections -Wall -fstack-usage -fcyclomatic-complexity -MMD -MP -MF"Drivers/STM32U5xx_HAL_Driver/Src/stm32u5xx_hal.d" -MT"Drivers/STM32U5xx_HAL_Driver/Src/stm32u5xx_hal.o" --specs=nano.specs -mfpu=fpv5-sp-d16 -mfloat-abi=hard -mthumb -o "Drivers/STM32U5xx_HAL_Driver/Src/stm32u5xx_hal.o"
arm-none-eabi-gcc "../Drivers/STM32U5xx_HAL_Driver/Src/stm32u5xx_hal_adc.c" -mcpu=cortex-m33 -std=gnu11 -g3 -DDEBUG -DUSE_FULL_LL_DRIVER -DUSE_HAL_DRIVER -DSTM32U575xx -c -I../Core/Inc -I../Drivers/STM32U5xx_HAL_Driver/Inc -I../Drivers/STM32U5xx_HAL_Driver/Inc/Legacy -I../Drivers/CMSIS/Device/ST/STM32U5xx/Include -I../Drivers/CMSIS/Include -I../Composite -I../Middlewares/Third_Party/AL94_USB_Composite/COMPOSITE/Class/COMPOSITE/Inc -I../Middlewares/Third_Party/AL94_USB_Composite/COMPOSITE/Core/Inc -I../Middlewares/Third_Party/AL94_USB_Composite/COMPOSITE/App -I../Middlewares/Third_Party/AL94_USB_Composite/COMPOSITE/Target -I../Middlewares/Third_Party/AL94_USB_Composite/COMPOSITE/Class/HID_MOUSE/Inc -O0 -ffunction-sections -fdata-sections -Wall -fstack-usage -fcyclomatic-complexity -MMD -MP -MF"Drivers/STM32U5xx_HAL_Driver/Src/stm32u5xx_hal_adc.d" -MT"Drivers/STM32U5xx_HAL_Driver/Src/stm32u5xx_hal_adc.o" --specs=nano.specs -mfpu=fpv5-sp-d16 -mfloat-abi=hard -mthumb -o "Drivers/STM32U5xx_HAL_Driver/Src/stm32u5xx_hal_adc.o"
arm-none-eabi-gcc "../Drivers/STM32U5xx_HAL_Driver/Src/stm32u5xx_hal_adc_ex.c" -mcpu=cortex-m33 -std=gnu11 -g3 -DDEBUG -DUSE_FULL_LL_DRIVER -DUSE_HAL_DRIVER -DSTM32U575xx -c -I../Core/Inc -I../Drivers/STM32U5xx_HAL_Driver/Inc -I../Drivers/STM32U5xx_HAL_Driver/Inc/Legacy -I../Drivers/CMSIS/Device/ST/STM32U5xx/Include -I../Drivers/CMSIS/Include -I../Composite -I../Middlewares/Third_Party/AL94_USB_Composite/COMPOSITE/Class/COMPOSITE/Inc -I../Middlewares/Third_Party/AL94_USB_Composite/COMPOSITE/Core/Inc -I../Middlewares/Third_Party/AL94_USB_Composite/COMPOSITE/App -I../Middlewares/Third_Party/AL94_USB_Composite/COMPOSITE/Target -I../Middlewares/Third_Party/AL94_USB_Composite/COMPOSITE/Class/HID_MOUSE/Inc -O0 -ffunction-sections -fdata-sections -Wall -fstack-usage -fcyclomatic-complexity -MMD -MP -MF"Drivers/STM32U5xx_HAL_Driver/Src/stm32u5xx_hal_adc_ex.d" -MT"Drivers/STM32U5xx_HAL_Driver/Src/stm32u5xx_hal_adc_ex.o" --specs=nano.specs -mfpu=fpv5-sp-d16 -mfloat-abi=hard -mthumb -o "Drivers/STM32U5xx_HAL_Driver/Src/stm32u5xx_hal_adc_ex.o"
arm-none-eabi-gcc "../Drivers/STM32U5xx_HAL_Driver/Src/stm32u5xx_hal_cortex.c" -mcpu=cortex-m33 -std=gnu11 -g3 -DDEBUG -DUSE_FULL_LL_DRIVER -DUSE_HAL_DRIVER -DSTM32U575xx -c -I../Core/Inc -I../Drivers/STM32U5xx_HAL_Driver/Inc -I../Drivers/STM32U5xx_HAL_Driver/Inc/Legacy -I../Drivers/CMSIS/Device/ST/STM32U5xx/Include -I../Drivers/CMSIS/Include -I../Composite -I../Middlewares/Third_Party/AL94_USB_Composite/COMPOSITE/Class/COMPOSITE/Inc -I../Middlewares/Third_Party/AL94_USB_Composite/COMPOSITE/Core/Inc -I../Middlewares/Third_Party/AL94_USB_Composite/COMPOSITE/App -I../Middlewares/Third_Party/AL94_USB_Composite/COMPOSITE/Target -I../Middlewares/Third_Party/AL94_USB_Composite/COMPOSITE/Class/HID_MOUSE/Inc -O0 -ffunction-sections -fdata-sections -Wall -fstack-usage -fcyclomatic-complexity -MMD -MP -MF"Drivers/STM32U5xx_HAL_Driver/Src/stm32u5xx_hal_cortex.d" -MT"Drivers/STM32U5xx_HAL_Driver/Src/stm32u5xx_hal_cortex.o" --specs=nano.specs -mfpu=fpv5-sp-d16 -mfloat-abi=hard -mthumb -o "Drivers/STM32U5xx_HAL_Driver/Src/stm32u5xx_hal_cortex.o"
arm-none-eabi-gcc "../Drivers/STM32U5xx_HAL_Driver/Src/stm32u5xx_hal_dma.c" -mcpu=cortex-m33 -std=gnu11 -g3 -DDEBUG -DUSE_FULL_LL_DRIVER -DUSE_HAL_DRIVER -DSTM32U575xx -c -I../Core/Inc -I../Drivers/STM32U5xx_HAL_Driver/Inc -I../Drivers/STM32U5xx_HAL_Driver/Inc/Legacy -I../Drivers/CMSIS/Device/ST/STM32U5xx/Include -I../Drivers/CMSIS/Include -I../Composite -I../Middlewares/Third_Party/AL94_USB_Composite/COMPOSITE/Class/COMPOSITE/Inc -I../Middlewares/Third_Party/AL94_USB_Composite/COMPOSITE/Core/Inc -I../Middlewares/Third_Party/AL94_USB_Composite/COMPOSITE/App -I../Middlewares/Third_Party/AL94_USB_Composite/COMPOSITE/Target -I../Middlewares/Third_Party/AL94_USB_Composite/COMPOSITE/Class/HID_MOUSE/Inc -O0 -ffunction-sections -fdata-sections -Wall -fstack-usage -fcyclomatic-complexity -MMD -MP -MF"Drivers/STM32U5xx_HAL_Driver/Src/stm32u5xx_hal_dma.d" -MT"Drivers/STM32U5xx_HAL_Driver/Src/stm32u5xx_hal_dma.o" --specs=nano.specs -mfpu=fpv5-sp-d16 -mfloat-abi=hard -mthumb -o "Drivers/STM32U5xx_HAL_Driver/Src/stm32u5xx_hal_dma.o"
arm-none-eabi-gcc "../Drivers/STM32U5xx_HAL_Driver/Src/stm32u5xx_hal_dma_ex.c" -mcpu=cortex-m33 -std=gnu11 -g3 -DDEBUG -DUSE_FULL_LL_DRIVER -DUSE_HAL_DRIVER -DSTM32U575xx -c -I../Core/Inc -I../Drivers/STM32U5xx_HAL_Driver/Inc -I../Drivers/STM32U5xx_HAL_Driver/Inc/Legacy -I../Drivers/CMSIS/Device/ST/STM32U5xx/Include -I../Drivers/CMSIS/Include -I../Composite -I../Middlewares/Third_Party/AL94_USB_Composite/COMPOSITE/Class/COMPOSITE/Inc -I../Middlewares/Third_Party/AL94_USB_Composite/COMPOSITE/Core/Inc -I../Middlewares/Third_Party/AL94_USB_Composite/COMPOSITE/App -I../Middlewares/Third_Party/AL94_USB_Composite/COMPOSITE/Target -I../Middlewares/Third_Party/AL94_USB_Composite/COMPOSITE/Class/HID_MOUSE/Inc -O0 -ffunction-sections -fdata-sections -Wall -fstack-usage -fcyclomatic-complexity -MMD -MP -MF"Drivers/STM32U5xx_HAL_Driver/Src/stm32u5xx_hal_dma_ex.d" -MT"Drivers/STM32U5xx_HAL_Driver/Src/stm32u5xx_hal_dma_ex.o" --specs=nano.specs -mfpu=fpv5-sp-d16 -mfloat-abi=hard -mthumb -o "Drivers/STM32U5xx_HAL_Driver/Src/stm32u5xx_hal_dma_ex.o"
arm-none-eabi-gcc "../Drivers/STM32U5xx_HAL_Driver/Src/stm32u5xx_hal_exti.c" -mcpu=cortex-m33 -std=gnu11 -g3 -DDEBUG -DUSE_FULL_LL_DRIVER -DUSE_HAL_DRIVER -DSTM32U575xx -c -I../Core/Inc -I../Drivers/STM32U5xx_HAL_Driver/Inc -I../Drivers/STM32U5xx_HAL_Driver/Inc/Legacy -I../Drivers/CMSIS/Device/ST/STM32U5xx/Include -I../Drivers/CMSIS/Include -I../Composite -I../Middlewares/Third_Party/AL94_USB_Composite/COMPOSITE/Class/COMPOSITE/Inc -I../Middlewares/Third_Party/AL94_USB_Composite/COMPOSITE/Core/Inc -I../Middlewares/Third_Party/AL94_USB_Composite/COMPOSITE/App -I../Middlewares/Third_Party/AL94_USB_Composite/COMPOSITE/Target -I../Middlewares/Third_Party/AL94_USB_Composite/COMPOSITE/Class/HID_MOUSE/Inc -O0 -ffunction-sections -fdata-sections -Wall -fstack-usage -fcyclomatic-complexity -MMD -MP -MF"Drivers/STM32U5xx_HAL_Driver/Src/stm32u5xx_hal_exti.d" -MT"Drivers/STM32U5xx_HAL_Driver/Src/stm32u5xx_hal_exti.o" --specs=nano.specs -mfpu=fpv5-sp-d16 -mfloat-abi=hard -mthumb -o "Drivers/STM32U5xx_HAL_Driver/Src/stm32u5xx_hal_exti.o"
arm-none-eabi-gcc "../Drivers/STM32U5xx_HAL_Driver/Src/stm32u5xx_hal_flash.c" -mcpu=cortex-m33 -std=gnu11 -g3 -DDEBUG -DUSE_FULL_LL_DRIVER -DUSE_HAL_DRIVER -DSTM32U575xx -c -I../Core/Inc -I../Drivers/STM32U5xx_HAL_Driver/Inc -I../Drivers/STM32U5xx_HAL_Driver/Inc/Legacy -I../Drivers/CMSIS/Device/ST/STM32U5xx/Include -I../Drivers/CMSIS/Include -I../Composite -I../Middlewares/Third_Party/AL94_USB_Composite/COMPOSITE/Class/COMPOSITE/Inc -I../Middlewares/Third_Party/AL94_USB_Composite/COMPOSITE/Core/Inc -I../Middlewares/Third_Party/AL94_USB_Composite/COMPOSITE/App -I../Middlewares/Third_Party/AL94_USB_Composite/COMPOSITE/Target -I../Middlewares/Third_Party/AL94_USB_Composite/COMPOSITE/Class/HID_MOUSE/Inc -O0 -ffunction-sections -fdata-sections -Wall -fstack-usage -fcyclomatic-complexity -MMD -MP -MF"Drivers/STM32U5xx_HAL_Driver/Src/stm32u5xx_hal_flash.d" -MT"Drivers/STM32U5xx_HAL_Driver/Src/stm32u5xx_hal_flash.o" --specs=nano.specs -mfpu=fpv5-sp-d16 -mfloat-abi=hard -mthumb -o "Drivers/STM32U5xx_HAL_Driver/Src/stm32u5xx_hal_flash.o"
arm-none-eabi-gcc "../Drivers/STM32U5xx_HAL_Driver/Src/stm32u5xx_hal_flash_ex.c" -mcpu=cortex-m33 -std=gnu11 -g3 -DDEBUG -DUSE_FULL_LL_DRIVER -DUSE_HAL_DRIVER -DSTM32U575xx -c -I../Core/Inc -I../Drivers/STM32U5xx_HAL_Driver/Inc -I../Drivers/STM32U5xx_HAL_Driver/Inc/Legacy -I../Drivers/CMSIS/Device/ST/STM32U5xx/Include -I../Drivers/CMSIS/Include -I../Composite -I../Middlewares/Third_Party/AL94_USB_Composite/COMPOSITE/Class/COMPOSITE/Inc -I../Middlewares/Third_Party/AL94_USB_Composite/COMPOSITE/Core/Inc -I../Middlewares/Third_Party/AL94_USB_Composite/COMPOSITE/App -I../Middlewares/Third_Party/AL94_USB_Composite/COMPOSITE/Target -I../Middlewares/Third_Party/AL94_USB_Composite/COMPOSITE/Class/HID_MOUSE/Inc -O0 -ffunction-sections -fdata-sections -Wall -fstack-usage -fcyclomatic-complexity -MMD -MP -MF"Drivers/STM32U5xx_HAL_Driver/Src/stm32u5xx_hal_flash_ex.d" -MT"Drivers/STM32U5xx_HAL_Driver/Src/stm32u5xx_hal_flash_ex.o" --specs=nano.specs -mfpu=fpv5-sp-d16 -mfloat-abi=hard -mthumb -o "Drivers/STM32U5xx_HAL_Driver/Src/stm32u5xx_hal_flash_ex.o"
arm-none-eabi-gcc "../Drivers/STM32U5xx_HAL_Driver/Src/stm32u5xx_hal_gpio.c" -mcpu=cortex-m33 -std=gnu11 -g3 -DDEBUG -DUSE_FULL_LL_DRIVER -DUSE_HAL_DRIVER -DSTM32U575xx -c -I../Core/Inc -I../Drivers/STM32U5xx_HAL_Driver/Inc -I../Drivers/STM32U5xx_HAL_Driver/Inc/Legacy -I../Drivers/CMSIS/Device/ST/STM32U5xx/Include -I../Drivers/CMSIS/Include -I../Composite -I../Middlewares/Third_Party/AL94_USB_Composite/COMPOSITE/Class/COMPOSITE/Inc -I../Middlewares/Third_Party/AL94_USB_Composite/COMPOSITE/Core/Inc -I../Middlewares/Third_Party/AL94_USB_Composite/COMPOSITE/App -I../Middlewares/Third_Party/AL94_USB_Composite/COMPOSITE/Target -I../Middlewares/Third_Party/AL94_USB_Composite/COMPOSITE/Class/HID_MOUSE/Inc -O0 -ffunction-sections -fdata-sections -Wall -fstack-usage -fcyclomatic-complexity -MMD -MP -MF"Drivers/STM32U5xx_HAL_Driver/Src/stm32u5xx_hal_gpio.d" -MT"Drivers/STM32U5xx_HAL_Driver/Src/stm32u5xx_hal_gpio.o" --specs=nano.specs -mfpu=fpv5-sp-d16 -mfloat-abi=hard -mthumb -o "Drivers/STM32U5xx_HAL_Driver/Src/stm32u5xx_hal_gpio.o"
arm-none-eabi-gcc "../Drivers/STM32U5xx_HAL_Driver/Src/stm32u5xx_hal_gtzc.c" -mcpu=cortex-m33 -std=gnu11 -g3 -DDEBUG -DUSE_FULL_LL_DRIVER -DUSE_HAL_DRIVER -DSTM32U575xx -c -I../Core/Inc -I../Drivers/STM32U5xx_HAL_Driver/Inc -I../Drivers/STM32U5xx_HAL_Driver/Inc/Legacy -I../Drivers/CMSIS/Device/ST/STM32U5xx/Include -I../Drivers/CMSIS/Include -I../Composite -I../Middlewares/Third_Party/AL94_USB_Composite/COMPOSITE/Class/COMPOSITE/Inc -I../Middlewares/Third_Party/AL94_USB_Composite/COMPOSITE/Core/Inc -I../Middlewares/Third_Party/AL94_USB_Composite/COMPOSITE/App -I../Middlewares/Third_Party/AL94_USB_Composite/COMPOSITE/Target -I../Middlewares/Third_Party/AL94_USB_Composite/COMPOSITE/Class/HID_MOUSE/Inc -O0 -ffunction-sections -fdata-sections -Wall -fstack-usage -fcyclomatic-complexity -MMD -MP -MF"Drivers/STM32U5xx_HAL_Driver/Src/stm32u5xx_hal_gtzc.d" -MT"Drivers/STM32U5xx_HAL_Driver/Src/stm32u5xx_hal_gtzc.o" --specs=nano.specs -mfpu=fpv5-sp-d16 -mfloat-abi=hard -mthumb -o "Drivers/STM32U5xx_HAL_Driver/Src/stm32u5xx_hal_gtzc.o"
arm-none-eabi-gcc "../Drivers/STM32U5xx_HAL_Driver/Src/stm32u5xx_hal_i2c.c" -mcpu=cortex-m33 -std=gnu11 -g3 -DDEBUG -DUSE_FULL_LL_DRIVER -DUSE_HAL_DRIVER -DSTM32U575xx -c -I../Core/Inc -I../Drivers/STM32U5xx_HAL_Driver/Inc -I../Drivers/STM32U5xx_HAL_Driver/Inc/Legacy -I../Drivers/CMSIS/Device/ST/STM32U5xx/Include -I../Drivers/CMSIS/Include -I../Composite -I../Middlewares/Third_Party/AL94_USB_Composite/COMPOSITE/Class/COMPOSITE/Inc -I../Middlewares/Third_Party/AL94_USB_Composite/COMPOSITE/Core/Inc -I../Middlewares/Third_Party/AL94_USB_Composite/COMPOSITE/App -I../Middlewares/Third_Party/AL94_USB_Composite/COMPOSITE/Target -I../Middlewares/Third_Party/AL94_USB_Composite/COMPOSITE/Class/HID_MOUSE/Inc -O0 -ffunction-sections -fdata-sections -Wall -fstack-usage -fcyclomatic-complexity -MMD -MP -MF"Drivers/STM32U5xx_HAL_Driver/Src/stm32u5xx_hal_i2c.d" -MT"Drivers/STM32U5xx_HAL_Driver/Src/stm32u5xx_hal_i2c.o" --specs=nano.specs -mfpu=fpv5-sp-d16 -mfloat-abi=hard -mthumb -o "Drivers/STM32U5xx_HAL_Driver/Src/stm32u5xx_hal_i2c.o"
arm-none-eabi-gcc "../Drivers/STM32U5xx_HAL_Driver/Src/stm32u5xx_hal_i2c_ex.c" -mcpu=cortex-m33 -std=gnu11 -g3 -DDEBUG -DUSE_FULL_LL_DRIVER -DUSE_HAL_DRIVER -DSTM32U575xx -c -I../Core/Inc -I../Drivers/STM32U5xx_HAL_Driver/Inc -I../Drivers/STM32U5xx_HAL_Driver/Inc/Legacy -I../Drivers/CMSIS/Device/ST/STM32U5xx/Include -I../Drivers/CMSIS/Include -I../Composite -I../Middlewares/Third_Party/AL94_USB_Composite/COMPOSITE/Class/COMPOSITE/Inc -I../Middlewares/Third_Party/AL94_USB_Composite/COMPOSITE/Core/Inc -I../Middlewares/Third_Party/AL94_USB_Composite/COMPOSITE/App -I../Middlewares/Third_Party/AL94_USB_Composite/COMPOSITE/Target -I../Middlewares/Third_Party/AL94_USB_Composite/COMPOSITE/Class/HID_MOUSE/Inc -O0 -ffunction-sections -fdata-sections -Wall -fstack-usage -fcyclomatic-complexity -MMD -MP -MF"Drivers/STM32U5xx_HAL_Driver/Src/stm32u5xx_hal_i2c_ex.d" -MT"Drivers/STM32U5xx_HAL_Driver/Src/stm32u5xx_hal_i2c_ex.o" --specs=nano.specs -mfpu=fpv5-sp-d16 -mfloat-abi=hard -mthumb -o "Drivers/STM32U5xx_HAL_Driver/Src/stm32u5xx_hal_i2c_ex.o"
arm-none-eabi-gcc "../Drivers/STM32U5xx_HAL_Driver/Src/stm32u5xx_hal_icache.c" -mcpu=cortex-m33 -std=gnu11 -g3 -DDEBUG -DUSE_FULL_LL_DRIVER -DUSE_HAL_DRIVER -DSTM32U575xx -c -I../Core/Inc -I../Drivers/STM32U5xx_HAL_Driver/Inc -I../Drivers/STM32U5xx_HAL_Driver/Inc/Legacy -I../Drivers/CMSIS/Device/ST/STM32U5xx/Include -I../Drivers/CMSIS/Include -I../Composite -I../Middlewares/Third_Party/AL94_USB_Composite/COMPOSITE/Class/COMPOSITE/Inc -I../Middlewares/Third_Party/AL94_USB_Composite/COMPOSITE/Core/Inc -I../Middlewares/Third_Party/AL94_USB_Composite/COMPOSITE/App -I../Middlewares/Third_Party/AL94_USB_Composite/COMPOSITE/Target -I../Middlewares/Third_Party/AL94_USB_Composite/COMPOSITE/Class/HID_MOUSE/Inc -O0 -ffunction-sections -fdata-sections -Wall -fstack-usage -fcyclomatic-complexity -MMD -MP -MF"Drivers/STM32U5xx_HAL_Driver/Src/stm32u5xx_hal_icache.d" -MT"Drivers/STM32U5xx_HAL_Driver/Src/stm32u5xx_hal_icache.o" --specs=nano.specs -mfpu=fpv5-sp-d16 -mfloat-abi=hard -mthumb -o "Drivers/STM32U5xx_HAL_Driver/Src/stm32u5xx_hal_icache.o"
arm-none-eabi-gcc "../Drivers/STM32U5xx_HAL_Driver/Src/stm32u5xx_hal_pcd.c" -mcpu=cortex-m33 -std=gnu11 -g3 -DDEBUG -DUSE_FULL_LL_DRIVER -DUSE_HAL_DRIVER -DSTM32U575xx -c -I../Core/Inc -I../Drivers/STM32U5xx_HAL_Driver/Inc -I../Drivers/STM32U5xx_HAL_Driver/Inc/Legacy -I../Drivers/CMSIS/Device/ST/STM32U5xx/Include -I../Drivers/CMSIS/Include -I../Composite -I../Middlewares/Third_Party/AL94_USB_Composite/COMPOSITE/Class/COMPOSITE/Inc -I../Middlewares/Third_Party/AL94_USB_Composite/COMPOSITE/Core/Inc -I../Middlewares/Third_Party/AL94_USB_Composite/COMPOSITE/App -I../Middlewares/Third_Party/AL94_USB_Composite/COMPOSITE/Target -I../Middlewares/Third_Party/AL94_USB_Composite/COMPOSITE/Class/HID_MOUSE/Inc -O0 -ffunction-sections -fdata-sections -Wall -fstack-usage -fcyclomatic-complexity -MMD -MP -MF"Drivers/STM32U5xx_HAL_Driver/Src/stm32u5xx_hal_pcd.d" -MT"Drivers/STM32U5xx_HAL_Driver/Src/stm32u5xx_hal_pcd.o" --specs=nano.specs -mfpu=fpv5-sp-d16 -mfloat-abi=hard -mthumb -o "Drivers/STM32U5xx_HAL_Driver/Src/stm32u5xx_hal_pcd.o"
arm-none-eabi-gcc "../Drivers/STM32U5xx_HAL_Driver/Src/stm32u5xx_hal_pcd_ex.c" -mcpu=cortex-m33 -std=gnu11 -g3 -DDEBUG -DUSE_FULL_LL_DRIVER -DUSE_HAL_DRIVER -DSTM32U575xx -c -I../Core/Inc -I../Drivers/STM32U5xx_HAL_Driver/Inc -I../Drivers/STM32U5xx_HAL_Driver/Inc/Legacy -I../Drivers/CMSIS/Device/ST/STM32U5xx/Include -I../Drivers/CMSIS/Include -I../Composite -I../Middlewares/Third_Party/AL94_USB_Composite/COMPOSITE/Class/COMPOSITE/Inc -I../Middlewares/Third_Party/AL94_USB_Composite/COMPOSITE/Core/Inc -I../Middlewares/Third_Party/AL94_USB_Composite/COMPOSITE/App -I../Middlewares/Third_Party/AL94_USB_Composite/COMPOSITE/Target -I../Middlewares/Third_Party/AL94_USB_Composite/COMPOSITE/Class/HID_MOUSE/Inc -O0 -ffunction-sections -fdata-sections -Wall -fstack-usage -fcyclomatic-complexity -MMD -MP -MF"Drivers/STM32U5xx_HAL_Driver/Src/stm32u5xx_hal_pcd_ex.d" -MT"Drivers/STM32U5xx_HAL_Driver/Src/stm32u5xx_hal_pcd_ex.o" --specs=nano.specs -mfpu=fpv5-sp-d16 -mfloat-abi=hard -mthumb -o "Drivers/STM32U5xx_HAL_Driver/Src/stm32u5xx_hal_pcd_ex.o"
arm-none-eabi-gcc "../Drivers/STM32U5xx_HAL_Driver/Src/stm32u5xx_hal_pwr.c" -mcpu=cortex-m33 -std=gnu11 -g3 -DDEBUG -DUSE_FULL_LL_DRIVER -DUSE_HAL_DRIVER -DSTM32U575xx -c -I../Core/Inc -I../Drivers/STM32U5xx_HAL_Driver/Inc -I../Drivers/STM32U5xx_HAL_Driver/Inc/Legacy -I../Drivers/CMSIS/Device/ST/STM32U5xx/Include -I../Drivers/CMSIS/Include -I../Composite -I../Middlewares/Third_Party/AL94_USB_Composite/COMPOSITE/Class/COMPOSITE/Inc -I../Middlewares/Third_Party/AL94_USB_Composite/COMPOSITE/Core/Inc -I../Middlewares/Third_Party/AL94_USB_Composite/COMPOSITE/App -I../Middlewares/Third_Party/AL94_USB_Composite/COMPOSITE/Target -I../Middlewares/Third_Party/AL94_USB_Composite/COMPOSITE/Class/HID_MOUSE/Inc -O0 -ffunction-sections -fdata-sections -Wall -fstack-usage -fcyclomatic-complexity -MMD -MP -MF"Drivers/STM32U5xx_HAL_Driver/Src/stm32u5xx_hal_pwr.d" -MT"Drivers/STM32U5xx_HAL_Driver/Src/stm32u5xx_hal_pwr.o" --specs=nano.specs -mfpu=fpv5-sp-d16 -mfloat-abi=hard -mthumb -o "Drivers/STM32U5xx_HAL_Driver/Src/stm32u5xx_hal_pwr.o"
arm-none-eabi-gcc "../Drivers/STM32U5xx_HAL_Driver/Src/stm32u5xx_hal_pwr_ex.c" -mcpu=cortex-m33 -std=gnu11 -g3 -DDEBUG -DUSE_FULL_LL_DRIVER -DUSE_HAL_DRIVER -DSTM32U575xx -c -I../Core/Inc -I../Drivers/STM32U5xx_HAL_Driver/Inc -I../Drivers/STM32U5xx_HAL_Driver/Inc/Legacy -I../Drivers/CMSIS/Device/ST/STM32U5xx/Include -I../Drivers/CMSIS/Include -I../Composite -I../Middlewares/Third_Party/AL94_USB_Composite/COMPOSITE/Class/COMPOSITE/Inc -I../Middlewares/Third_Party/AL94_USB_Composite/COMPOSITE/Core/Inc -I../Middlewares/Third_Party/AL94_USB_Composite/COMPOSITE/App -I../Middlewares/Third_Party/AL94_USB_Composite/COMPOSITE/Target -I../Middlewares/Third_Party/AL94_USB_Composite/COMPOSITE/Class/HID_MOUSE/Inc -O0 -ffunction-sections -fdata-sections -Wall -fstack-usage -fcyclomatic-complexity -MMD -MP -MF"Drivers/STM32U5xx_HAL_Driver/Src/stm32u5xx_hal_pwr_ex.d" -MT"Drivers/STM32U5xx_HAL_Driver/Src/stm32u5xx_hal_pwr_ex.o" --specs=nano.specs -mfpu=fpv5-sp-d16 -mfloat-abi=hard -mthumb -o "Drivers/STM32U5xx_HAL_Driver/Src/stm32u5xx_hal_pwr_ex.o"
arm-none-eabi-gcc "../Drivers/STM32U5xx_HAL_Driver/Src/stm32u5xx_hal_rcc.c" -mcpu=cortex-m33 -std=gnu11 -g3 -DDEBUG -DUSE_FULL_LL_DRIVER -DUSE_HAL_DRIVER -DSTM32U575xx -c -I../Core/Inc -I../Drivers/STM32U5xx_HAL_Driver/Inc -I../Drivers/STM32U5xx_HAL_Driver/Inc/Legacy -I../Drivers/CMSIS/Device/ST/STM32U5xx/Include -I../Drivers/CMSIS/Include -I../Composite -I../Middlewares/Third_Party/AL94_USB_Composite/COMPOSITE/Class/COMPOSITE/Inc -I../Middlewares/Third_Party/AL94_USB_Composite/COMPOSITE/Core/Inc -I../Middlewares/Third_Party/AL94_USB_Composite/COMPOSITE/App -I../Middlewares/Third_Party/AL94_USB_Composite/COMPOSITE/Target -I../Middlewares/Third_Party/AL94_USB_Composite/COMPOSITE/Class/HID_MOUSE/Inc -O0 -ffunction-sections -fdata-sections -Wall -fstack-usage -fcyclomatic-complexity -MMD -MP -MF"Drivers/STM32U5xx_HAL_Driver/Src/stm32u5xx_hal_rcc.d" -MT"Drivers/STM32U5xx_HAL_Driver/Src/stm32u5xx_hal_rcc.o" --specs=nano.specs -mfpu=fpv5-sp-d16 -mfloat-abi=hard -mthumb -o "Drivers/STM32U5xx_HAL_Driver/Src/stm32u5xx_hal_rcc.o"
arm-none-eabi-gcc "../Drivers/STM32U5xx_HAL_Driver/Src/stm32u5xx_hal_rcc_ex.c" -mcpu=cortex-m33 -std=gnu11 -g3 -DDEBUG -DUSE_FULL_LL_DRIVER -DUSE_HAL_DRIVER -DSTM32U575xx -c -I../Core/Inc -I../Drivers/STM32U5xx_HAL_Driver/Inc -I../Drivers/STM32U5xx_HAL_Driver/Inc/Legacy -I../Drivers/CMSIS/Device/ST/STM32U5xx/Include -I../Drivers/CMSIS/Include -I../Composite -I../Middlewares/Third_Party/AL94_USB_Composite/COMPOSITE/Class/COMPOSITE/Inc -I../Middlewares/Third_Party/AL94_USB_Composite/COMPOSITE/Core/Inc -I../Middlewares/Third_Party/AL94_USB_Composite/COMPOSITE/App -I../Middlewares/Third_Party/AL94_USB_Composite/COMPOSITE/Target -I../Middlewares/Third_Party/AL94_USB_Composite/COMPOSITE/Class/HID_MOUSE/Inc -O0 -ffunction-sections -fdata-sections -Wall -fstack-usage -fcyclomatic-complexity -MMD -MP -MF"Drivers/STM32U5xx_HAL_Driver/Src/stm32u5xx_hal_rcc_ex.d" -MT"Drivers/STM32U5xx_HAL_Driver/Src/stm32u5xx_hal_rcc_ex.o" --specs=nano.specs -mfpu=fpv5-sp-d16 -mfloat-abi=hard -mthumb -o "Drivers/STM32U5xx_HAL_Driver/Src/stm32u5xx_hal_rcc_ex.o"
arm-none-eabi-gcc "../Drivers/STM32U5xx_HAL_Driver/Src/stm32u5xx_hal_tim.c" -mcpu=cortex-m33 -std=gnu11 -g3 -DDEBUG -DUSE_FULL_LL_DRIVER -DUSE_HAL_DRIVER -DSTM32U575xx -c -I../Core/Inc -I../Drivers/STM32U5xx_HAL_Driver/Inc -I../Drivers/STM32U5xx_HAL_Driver/Inc/Legacy -I../Drivers/CMSIS/Device/ST/STM32U5xx/Include -I../Drivers/CMSIS/Include -I../Composite -I../Middlewares/Third_Party/AL94_USB_Composite/COMPOSITE/Class/COMPOSITE/Inc -I../Middlewares/Third_Party/AL94_USB_Composite/COMPOSITE/Core/Inc -I../Middlewares/Third_Party/AL94_USB_Composite/COMPOSITE/App -I../Middlewares/Third_Party/AL94_USB_Composite/COMPOSITE/Target -I../Middlewares/Third_Party/AL94_USB_Composite/COMPOSITE/Class/HID_MOUSE/Inc -O0 -ffunction-sections -fdata-sections -Wall -fstack-usage -fcyclomatic-complexity -MMD -MP -MF"Drivers/STM32U5xx_HAL_Driver/Src/stm32u5xx_hal_tim.d" -MT"Drivers/STM32U5xx_HAL_Driver/Src/stm32u5xx_hal_tim.o" --specs=nano.specs -mfpu=fpv5-sp-d16 -mfloat-abi=hard -mthumb -o "Drivers/STM32U5xx_HAL_Driver/Src/stm32u5xx_hal_tim.o"
arm-none-eabi-gcc "../Drivers/STM32U5xx_HAL_Driver/Src/stm32u5xx_hal_tim_ex.c" -mcpu=cortex-m33 -std=gnu11 -g3 -DDEBUG -DUSE_FULL_LL_DRIVER -DUSE_HAL_DRIVER -DSTM32U575xx -c -I../Core/Inc -I../Drivers/STM32U5xx_HAL_Driver/Inc -I../Drivers/STM32U5xx_HAL_Driver/Inc/Legacy -I../Drivers/CMSIS/Device/ST/STM32U5xx/Include -I../Drivers/CMSIS/Include -I../Composite -I../Middlewares/Third_Party/AL94_USB_Composite/COMPOSITE/Class/COMPOSITE/Inc -I../Middlewares/Third_Party/AL94_USB_Composite/COMPOSITE/Core/Inc -I../Middlewares/Third_Party/AL94_USB_Composite/COMPOSITE/App -I../Middlewares/Third_Party/AL94_USB_Composite/COMPOSITE/Target -I../Middlewares/Third_Party/AL94_USB_Composite/COMPOSITE/Class/HID_MOUSE/Inc -O0 -ffunction-sections -fdata-sections -Wall -fstack-usage -fcyclomatic-complexity -MMD -MP -MF"Drivers/STM32U5xx_HAL_Driver/Src/stm32u5xx_hal_tim_ex.d" -MT"Drivers/STM32U5xx_HAL_Driver/Src/stm32u5xx_hal_tim_ex.o" --specs=nano.specs -mfpu=fpv5-sp-d16 -mfloat-abi=hard -mthumb -o "Drivers/STM32U5xx_HAL_Driver/Src/stm32u5xx_hal_tim_ex.o"
arm-none-eabi-gcc "../Drivers/STM32U5xx_HAL_Driver/Src/stm32u5xx_ll_dma.c" -mcpu=cortex-m33 -std=gnu11 -g3 -DDEBUG -DUSE_FULL_LL_DRIVER -DUSE_HAL_DRIVER -DSTM32U575xx -c -I../Core/Inc -I../Drivers/STM32U5xx_HAL_Driver/Inc -I../Drivers/STM32U5xx_HAL_Driver/Inc/Legacy -I../Drivers/CMSIS/Device/ST/STM32U5xx/Include -I../Drivers/CMSIS/Include -I../Composite -I../Middlewares/Third_Party/AL94_USB_Composite/COMPOSITE/Class/COMPOSITE/Inc -I../Middlewares/Third_Party/AL94_USB_Composite/COMPOSITE/Core/Inc -I../Middlewares/Third_Party/AL94_USB_Composite/COMPOSITE/App -I../Middlewares/Third_Party/AL94_USB_Composite/COMPOSITE/Target -I../Middlewares/Third_Party/AL94_USB_Composite/COMPOSITE/Class/HID_MOUSE/Inc -O0 -ffunction-sections -fdata-sections -Wall -fstack-usage -fcyclomatic-complexity -MMD -MP -MF"Drivers/STM32U5xx_HAL_Driver/Src/stm32u5xx_ll_dma.d" -MT"Drivers/STM32U5xx_HAL_Driver/Src/stm32u5xx_ll_dma.o" --specs=nano.specs -mfpu=fpv5-sp-d16 -mfloat-abi=hard -mthumb -o "Drivers/STM32U5xx_HAL_Driver/Src/stm32u5xx_ll_dma.o"
arm-none-eabi-gcc "../Drivers/STM32U5xx_HAL_Driver/Src/stm32u5xx_ll_exti.c" -mcpu=cortex-m33 -std=gnu11 -g3 -DDEBUG -DUSE_FULL_LL_DRIVER -DUSE_HAL_DRIVER -DSTM32U575xx -c -I../Core/Inc -I../Drivers/STM32U5xx_HAL_Driver/Inc -I../Drivers/STM32U5xx_HAL_Driver/Inc/Legacy -I../Drivers/CMSIS/Device/ST/STM32U5xx/Include -I../Drivers/CMSIS/Include -I../Composite -I../Middlewares/Third_Party/AL94_USB_Composite/COMPOSITE/Class/COMPOSITE/Inc -I../Middlewares/Third_Party/AL94_USB_Composite/COMPOSITE/Core/Inc -I../Middlewares/Third_Party/AL94_USB_Composite/COMPOSITE/App -I../Middlewares/Third_Party/AL94_USB_Composite/COMPOSITE/Target -I../Middlewares/Third_Party/AL94_USB_Composite/COMPOSITE/Class/HID_MOUSE/Inc -O0 -ffunction-sections -fdata-sections -Wall -fstack-usage -fcyclomatic-complexity -MMD -MP -MF"Drivers/STM32U5xx_HAL_Driver/Src/stm32u5xx_ll_exti.d" -MT"Drivers/STM32U5xx_HAL_Driver/Src/stm32u5xx_ll_exti.o" --specs=nano.specs -mfpu=fpv5-sp-d16 -mfloat-abi=hard -mthumb -o "Drivers/STM32U5xx_HAL_Driver/Src/stm32u5xx_ll_exti.o"
arm-none-eabi-gcc "../Drivers/STM32U5xx_HAL_Driver/Src/stm32u5xx_ll_gpio.c" -mcpu=cortex-m33 -std=gnu11 -g3 -DDEBUG -DUSE_FULL_LL_DRIVER -DUSE_HAL_DRIVER -DSTM32U575xx -c -I../Core/Inc -I../Drivers/STM32U5xx_HAL_Driver/Inc -I../Drivers/STM32U5xx_HAL_Driver/Inc/Legacy -I../Drivers/CMSIS/Device/ST/STM32U5xx/Include -I../Drivers/CMSIS/Include -I../Composite -I../Middlewares/Third_Party/AL94_USB_Composite/COMPOSITE/Class/COMPOSITE/Inc -I../Middlewares/Third_Party/AL94_USB_Composite/COMPOSITE/Core/Inc -I../Middlewares/Third_Party/AL94_USB_Composite/COMPOSITE/App -I../Middlewares/Third_Party/AL94_USB_Composite/COMPOSITE/Target -I../Middlewares/Third_Party/AL94_USB_Composite/COMPOSITE/Class/HID_MOUSE/Inc -O0 -ffunction-sections -fdata-sections -Wall -fstack-usage -fcyclomatic-complexity -MMD -MP -MF"Drivers/STM32U5xx_HAL_Driver/Src/stm32u5xx_ll_gpio.d" -MT"Drivers/STM32U5xx_HAL_Driver/Src/stm32u5xx_ll_gpio.o" --specs=nano.specs -mfpu=fpv5-sp-d16 -mfloat-abi=hard -mthumb -o "Drivers/STM32U5xx_HAL_Driver/Src/stm32u5xx_ll_gpio.o"
arm-none-eabi-gcc "../Drivers/STM32U5xx_HAL_Driver/Src/stm32u5xx_ll_lpgpio.c" -mcpu=cortex-m33 -std=gnu11 -g3 -DDEBUG -DUSE_FULL_LL_DRIVER -DUSE_HAL_DRIVER -DSTM32U575xx -c -I../Core/Inc -I../Drivers/STM32U5xx_HAL_Driver/Inc -I../Drivers/STM32U5xx_HAL_Driver/Inc/Legacy -I../Drivers/CMSIS/Device/ST/STM32U5xx/Include -I../Drivers/CMSIS/Include -I../Composite -I../Middlewares/Third_Party/AL94_USB_Composite/COMPOSITE/Class/COMPOSITE/Inc -I../Middlewares/Third_Party/AL94_USB_Composite/COMPOSITE/Core/Inc -I../Middlewares/Third_Party/AL94_USB_Composite/COMPOSITE/App -I../Middlewares/Third_Party/AL94_USB_Composite/COMPOSITE/Target -I../Middlewares/Third_Party/AL94_USB_Composite/COMPOSITE/Class/HID_MOUSE/Inc -O0 -ffunction-sections -fdata-sections -Wall -fstack-usage -fcyclomatic-complexity -MMD -MP -MF"Drivers/STM32U5xx_HAL_Driver/Src/stm32u5xx_ll_lpgpio.d" -MT"Drivers/STM32U5xx_HAL_Driver/Src/stm32u5xx_ll_lpgpio.o" --specs=nano.specs -mfpu=fpv5-sp-d16 -mfloat-abi=hard -mthumb -o "Drivers/STM32U5xx_HAL_Driver/Src/stm32u5xx_ll_lpgpio.o"
arm-none-eabi-gcc "../Drivers/STM32U5xx_HAL_Driver/Src/stm32u5xx_ll_ucpd.c" -mcpu=cortex-m33 -std=gnu11 -g3 -DDEBUG -DUSE_FULL_LL_DRIVER -DUSE_HAL_DRIVER -DSTM32U575xx -c -I../Core/Inc -I../Drivers/STM32U5xx_HAL_Driver/Inc -I../Drivers/STM32U5xx_HAL_Driver/Inc/Legacy -I../Drivers/CMSIS/Device/ST/STM32U5xx/Include -I../Drivers/CMSIS/Include -I../Composite -I../Middlewares/Third_Party/AL94_USB_Composite/COMPOSITE/Class/COMPOSITE/Inc -I../Middlewares/Third_Party/AL94_USB_Composite/COMPOSITE/Core/Inc -I../Middlewares/Third_Party/AL94_USB_Composite/COMPOSITE/App -I../Middlewares/Third_Party/AL94_USB_Composite/COMPOSITE/Target -I../Middlewares/Third_Party/AL94_USB_Composite/COMPOSITE/Class/HID_MOUSE/Inc -O0 -ffunction-sections -fdata-sections -Wall -fstack-usage -fcyclomatic-complexity -MMD -MP -MF"Drivers/STM32U5xx_HAL_Driver/Src/stm32u5xx_ll_ucpd.d" -MT"Drivers/STM32U5xx_HAL_Driver/Src/stm32u5xx_ll_ucpd.o" --specs=nano.specs -mfpu=fpv5-sp-d16 -mfloat-abi=hard -mthumb -o "Drivers/STM32U5xx_HAL_Driver/Src/stm32u5xx_ll_ucpd.o"
arm-none-eabi-gcc "../Drivers/STM32U5xx_HAL_Driver/Src/stm32u5xx_ll_usb.c" -mcpu=cortex-m33 -std=gnu11 -g3 -DDEBUG -DUSE_FULL_LL_DRIVER -DUSE_HAL_DRIVER -DSTM32U575xx -c -I../Core/Inc -I../Drivers/STM32U5xx_HAL_Driver/Inc -I../Drivers/STM32U5xx_HAL_Driver/Inc/Legacy -I../Drivers/CMSIS/Device/ST/STM32U5xx/Include -I../Drivers/CMSIS/Include -I../Composite -I../Middlewares/Third_Party/AL94_USB_Composite/COMPOSITE/Class/COMPOSITE/Inc -I../Middlewares/Third_Party/AL94_USB_Composite/COMPOSITE/Core/Inc -I../Middlewares/Third_Party/AL94_USB_Composite/COMPOSITE/App -I../Middlewares/Third_Party/AL94_USB_Composite/COMPOSITE/Target -I../Middlewares/Third_Party/AL94_USB_Composite/COMPOSITE/Class/HID_MOUSE/Inc -O0 -ffunction-sections -fdata-sections -Wall -fstack-usage -fcyclomatic-complexity -MMD -MP -MF"Drivers/STM32U5xx_HAL_Driver/Src/stm32u5xx_ll_usb.d" -MT"Drivers/STM32U5xx_HAL_Driver/Src/stm32u5xx_ll_usb.o" --specs=nano.specs -mfpu=fpv5-sp-d16 -mfloat-abi=hard -mthumb -o "Drivers/STM32U5xx_HAL_Driver/Src/stm32u5xx_ll_usb.o"
arm-none-eabi-gcc "../Drivers/STM32U5xx_HAL_Driver/Src/stm32u5xx_ll_utils.c" -mcpu=cortex-m33 -std=gnu11 -g3 -DDEBUG -DUSE_FULL_LL_DRIVER -DUSE_HAL_DRIVER -DSTM32U575xx -c -I../Core/Inc -I../Drivers/STM32U5xx_HAL_Driver/Inc -I../Drivers/STM32U5xx_HAL_Driver/Inc/Legacy -I../Drivers/CMSIS/Device/ST/STM32U5xx/Include -I../Drivers/CMSIS/Include -I../Composite -I../Middlewares/Third_Party/AL94_USB_Composite/COMPOSITE/Class/COMPOSITE/Inc -I../Middlewares/Third_Party/AL94_USB_Composite/COMPOSITE/Core/Inc -I../Middlewares/Third_Party/AL94_USB_Composite/COMPOSITE/App -I../Middlewares/Third_Party/AL94_USB_Composite/COMPOSITE/Target -I../Middlewares/Third_Party/AL94_USB_Composite/COMPOSITE/Class/HID_MOUSE/Inc -O0 -ffunction-sections -fdata-sections -Wall -fstack-usage -fcyclomatic-complexity -MMD -MP -MF"Drivers/STM32U5xx_HAL_Driver/Src/stm32u5xx_ll_utils.d" -MT"Drivers/STM32U5xx_HAL_Driver/Src/stm32u5xx_ll_utils.o" --specs=nano.specs -mfpu=fpv5-sp-d16 -mfloat-abi=hard -mthumb -o "Drivers/STM32U5xx_HAL_Driver/Src/stm32u5xx_ll_utils.o"
arm-none-eabi-gcc -mcpu=cortex-m33 -g3 -DDEBUG -c -x assembler-with-cpp -MMD -MP -MF"Core/Startup/startup_stm32u575zitxq.d" -MT"Core/Startup/startup_stm32u575zitxq.o" --specs=nano.specs -mfpu=fpv5-sp-d16 -mfloat-abi=hard -mthumb -o "Core/Startup/startup_stm32u575zitxq.o" "../Core/Startup/startup_stm32u575zitxq.s"
arm-none-eabi-gcc "../Core/Src/adc.c" -mcpu=cortex-m33 -std=gnu11 -g3 -DDEBUG -DUSE_FULL_LL_DRIVER -DUSE_HAL_DRIVER -DSTM32U575xx -c -I../Core/Inc -I../Drivers/STM32U5xx_HAL_Driver/Inc -I../Drivers/STM32U5xx_HAL_Driver/Inc/Legacy -I../Drivers/CMSIS/Device/ST/STM32U5xx/Include -I../Drivers/CMSIS/Include -I../Composite -I../Middlewares/Third_Party/AL94_USB_Composite/COMPOSITE/Class/COMPOSITE/Inc -I../Middlewares/Third_Party/AL94_USB_Composite/COMPOSITE/Core/Inc -I../Middlewares/Third_Party/AL94_USB_Composite/COMPOSITE/App -I../Middlewares/Third_Party/AL94_USB_Composite/COMPOSITE/Target -I../Middlewares/Third_Party/AL94_USB_Composite/COMPOSITE/Class/HID_MOUSE/Inc -O0 -ffunction-sections -fdata-sections -Wall -fstack-usage -fcyclomatic-complexity -MMD -MP -MF"Core/Src/adc.d" -MT"Core/Src/adc.o" --specs=nano.specs -mfpu=fpv5-sp-d16 -mfloat-abi=hard -mthumb -o "Core/Src/adc.o"
arm-none-eabi-gcc "../Core/Src/gpio.c" -mcpu=cortex-m33 -std=gnu11 -g3 -DDEBUG -DUSE_FULL_LL_DRIVER -DUSE_HAL_DRIVER -DSTM32U575xx -c -I../Core/Inc -I../Drivers/STM32U5xx_HAL_Driver/Inc -I../Drivers/STM32U5xx_HAL_Driver/Inc/Legacy -I../Drivers/CMSIS/Device/ST/STM32U5xx/Include -I../Drivers/CMSIS/Include -I../Composite -I../Middlewares/Third_Party/AL94_USB_Composite/COMPOSITE/Class/COMPOSITE/Inc -I../Middlewares/Third_Party/AL94_USB_Composite/COMPOSITE/Core/Inc -I../Middlewares/Third_Party/AL94_USB_Composite/COMPOSITE/App -I../Middlewares/Third_Party/AL94_USB_Composite/COMPOSITE/Target -I../Middlewares/Third_Party/AL94_USB_Composite/COMPOSITE/Class/HID_MOUSE/Inc -O0 -ffunction-sections -fdata-sections -Wall -fstack-usage -fcyclomatic-complexity -MMD -MP -MF"Core/Src/gpio.d" -MT"Core/Src/gpio.o" --specs=nano.specs -mfpu=fpv5-sp-d16 -mfloat-abi=hard -mthumb -o "Core/Src/gpio.o"
arm-none-eabi-gcc "../Core/Src/icache.c" -mcpu=cortex-m33 -std=gnu11 -g3 -DDEBUG -DUSE_FULL_LL_DRIVER -DUSE_HAL_DRIVER -DSTM32U575xx -c -I../Core/Inc -I../Drivers/STM32U5xx_HAL_Driver/Inc -I../Drivers/STM32U5xx_HAL_Driver/Inc/Legacy -I../Drivers/CMSIS/Device/ST/STM32U5xx/Include -I../Drivers/CMSIS/Include -I../Composite -I../Middlewares/Third_Party/AL94_USB_Composite/COMPOSITE/Class/COMPOSITE/Inc -I../Middlewares/Third_Party/AL94_USB_Composite/COMPOSITE/Core/Inc -I../Middlewares/Third_Party/AL94_USB_Composite/COMPOSITE/App -I../Middlewares/Third_Party/AL94_USB_Composite/COMPOSITE/Target -I../Middlewares/Third_Party/AL94_USB_Composite/COMPOSITE/Class/HID_MOUSE/Inc -O0 -ffunction-sections -fdata-sections -Wall -fstack-usage -fcyclomatic-complexity -MMD -MP -MF"Core/Src/icache.d" -MT"Core/Src/icache.o" --specs=nano.specs -mfpu=fpv5-sp-d16 -mfloat-abi=hard -mthumb -o "Core/Src/icache.o"
arm-none-eabi-gcc "../Core/Src/main.c" -mcpu=cortex-m33 -std=gnu11 -g3 -DDEBUG -DUSE_FULL_LL_DRIVER -DUSE_HAL_DRIVER -DSTM32U575xx -c -I../Core/Inc -I../Drivers/STM32U5xx_HAL_Driver/Inc -I../Drivers/STM32U5xx_HAL_Driver/Inc/Legacy -I../Drivers/CMSIS/Device/ST/STM32U5xx/Include -I../Drivers/CMSIS/Include -I../Composite -I../Middlewares/Third_Party/AL94_USB_Composite/COMPOSITE/Class/COMPOSITE/Inc -I../Middlewares/Third_Party/AL94_USB_Composite/COMPOSITE/Core/Inc -I../Middlewares/Third_Party/AL94_USB_Composite/COMPOSITE/App -I../Middlewares/Third_Party/AL94_USB_Composite/COMPOSITE/Target -I../Middlewares/Third_Party/AL94_USB_Composite/COMPOSITE/Class/HID_MOUSE/Inc -O0 -ffunction-sections -fdata-sections -Wall -fstack-usage -fcyclomatic-complexity -MMD -MP -MF"Core/Src/main.d" -MT"Core/Src/main.o" --specs=nano.specs -mfpu=fpv5-sp-d16 -mfloat-abi=hard -mthumb -o "Core/Src/main.o"
arm-none-eabi-gcc "../Core/Src/memorymap.c" -mcpu=cortex-m33 -std=gnu11 -g3 -DDEBUG -DUSE_FULL_LL_DRIVER -DUSE_HAL_DRIVER -DSTM32U575xx -c -I../Core/Inc -I../Drivers/STM32U5xx_HAL_Driver/Inc -I../Drivers/STM32U5xx_HAL_Driver/Inc/Legacy -I../Drivers/CMSIS/Device/ST/STM32U5xx/Include -I../Drivers/CMSIS/Include -I../Composite -I../Middlewares/Third_Party/AL94_USB_Composite/COMPOSITE/Class/COMPOSITE/Inc -I../Middlewares/Third_Party/AL94_USB_Composite/COMPOSITE/Core/Inc -I../Middlewares/Third_Party/AL94_USB_Composite/COMPOSITE/App -I../Middlewares/Third_Party/AL94_USB_Composite/COMPOSITE/Target -I../Middlewares/Third_Party/AL94_USB_Composite/COMPOSITE/Class/HID_MOUSE/Inc -O0 -ffunction-sections -fdata-sections -Wall -fstack-usage -fcyclomatic-complexity -MMD -MP -MF"Core/Src/memorymap.d" -MT"Core/Src/memorymap.o" --specs=nano.specs -mfpu=fpv5-sp-d16 -mfloat-abi=hard -mthumb -o "Core/Src/memorymap.o"
arm-none-eabi-gcc "../Core/Src/stm32u5xx_hal_msp.c" -mcpu=cortex-m33 -std=gnu11 -g3 -DDEBUG -DUSE_FULL_LL_DRIVER -DUSE_HAL_DRIVER -DSTM32U575xx -c -I../Core/Inc -I../Drivers/STM32U5xx_HAL_Driver/Inc -I../Drivers/STM32U5xx_HAL_Driver/Inc/Legacy -I../Drivers/CMSIS/Device/ST/STM32U5xx/Include -I../Drivers/CMSIS/Include -I../Composite -I../Middlewares/Third_Party/AL94_USB_Composite/COMPOSITE/Class/COMPOSITE/Inc -I../Middlewares/Third_Party/AL94_USB_Composite/COMPOSITE/Core/Inc -I../Middlewares/Third_Party/AL94_USB_Composite/COMPOSITE/App -I../Middlewares/Third_Party/AL94_USB_Composite/COMPOSITE/Target -I../Middlewares/Third_Party/AL94_USB_Composite/COMPOSITE/Class/HID_MOUSE/Inc -O0 -ffunction-sections -fdata-sections -Wall -fstack-usage -fcyclomatic-complexity -MMD -MP -MF"Core/Src/stm32u5xx_hal_msp.d" -MT"Core/Src/stm32u5xx_hal_msp.o" --specs=nano.specs -mfpu=fpv5-sp-d16 -mfloat-abi=hard -mthumb -o "Core/Src/stm32u5xx_hal_msp.o"
arm-none-eabi-gcc "../Core/Src/stm32u5xx_it.c" -mcpu=cortex-m33 -std=gnu11 -g3 -DDEBUG -DUSE_FULL_LL_DRIVER -DUSE_HAL_DRIVER -DSTM32U575xx -c -I../Core/Inc -I../Drivers/STM32U5xx_HAL_Driver/Inc -I../Drivers/STM32U5xx_HAL_Driver/Inc/Legacy -I../Drivers/CMSIS/Device/ST/STM32U5xx/Include -I../Drivers/CMSIS/Include -I../Composite -I../Middlewares/Third_Party/AL94_USB_Composite/COMPOSITE/Class/COMPOSITE/Inc -I../Middlewares/Third_Party/AL94_USB_Composite/COMPOSITE/Core/Inc -I../Middlewares/Third_Party/AL94_USB_Composite/COMPOSITE/App -I../Middlewares/Third_Party/AL94_USB_Composite/COMPOSITE/Target -I../Middlewares/Third_Party/AL94_USB_Composite/COMPOSITE/Class/HID_MOUSE/Inc -O0 -ffunction-sections -fdata-sections -Wall -fstack-usage -fcyclomatic-complexity -MMD -MP -MF"Core/Src/stm32u5xx_it.d" -MT"Core/Src/stm32u5xx_it.o" --specs=nano.specs -mfpu=fpv5-sp-d16 -mfloat-abi=hard -mthumb -o "Core/Src/stm32u5xx_it.o"
arm-none-eabi-gcc "../Core/Src/syscalls.c" -mcpu=cortex-m33 -std=gnu11 -g3 -DDEBUG -DUSE_FULL_LL_DRIVER -DUSE_HAL_DRIVER -DSTM32U575xx -c -I../Core/Inc -I../Drivers/STM32U5xx_HAL_Driver/Inc -I../Drivers/STM32U5xx_HAL_Driver/Inc/Legacy -I../Drivers/CMSIS/Device/ST/STM32U5xx/Include -I../Drivers/CMSIS/Include -I../Composite -I../Middlewares/Third_Party/AL94_USB_Composite/COMPOSITE/Class/COMPOSITE/Inc -I../Middlewares/Third_Party/AL94_USB_Composite/COMPOSITE/Core/Inc -I../Middlewares/Third_Party/AL94_USB_Composite/COMPOSITE/App -I../Middlewares/Third_Party/AL94_USB_Composite/COMPOSITE/Target -I../Middlewares/Third_Party/AL94_USB_Composite/COMPOSITE/Class/HID_MOUSE/Inc -O0 -ffunction-sections -fdata-sections -Wall -fstack-usage -fcyclomatic-complexity -MMD -MP -MF"Core/Src/syscalls.d" -MT"Core/Src/syscalls.o" --specs=nano.specs -mfpu=fpv5-sp-d16 -mfloat-abi=hard -mthumb -o "Core/Src/syscalls.o"
arm-none-eabi-gcc "../Core/Src/sysmem.c" -mcpu=cortex-m33 -std=gnu11 -g3 -DDEBUG -DUSE_FULL_LL_DRIVER -DUSE_HAL_DRIVER -DSTM32U575xx -c -I../Core/Inc -I../Drivers/STM32U5xx_HAL_Driver/Inc -I../Drivers/STM32U5xx_HAL_Driver/Inc/Legacy -I../Drivers/CMSIS/Device/ST/STM32U5xx/Include -I../Drivers/CMSIS/Include -I../Composite -I../Middlewares/Third_Party/AL94_USB_Composite/COMPOSITE/Class/COMPOSITE/Inc -I../Middlewares/Third_Party/AL94_USB_Composite/COMPOSITE/Core/Inc -I../Middlewares/Third_Party/AL94_USB_Composite/COMPOSITE/App -I../Middlewares/Third_Party/AL94_USB_Composite/COMPOSITE/Target -I../Middlewares/Third_Party/AL94_USB_Composite/COMPOSITE/Class/HID_MOUSE/Inc -O0 -ffunction-sections -fdata-sections -Wall -fstack-usage -fcyclomatic-complexity -MMD -MP -MF"Core/Src/sysmem.d" -MT"Core/Src/sysmem.o" --specs=nano.specs -mfpu=fpv5-sp-d16 -mfloat-abi=hard -mthumb -o "Core/Src/sysmem.o"
arm-none-eabi-gcc "../Core/Src/system_stm32u5xx.c" -mcpu=cortex-m33 -std=gnu11 -g3 -DDEBUG -DUSE_FULL_LL_DRIVER -DUSE_HAL_DRIVER -DSTM32U575xx -c -I../Core/Inc -I../Drivers/STM32U5xx_HAL_Driver/Inc -I../Drivers/STM32U5xx_HAL_Driver/Inc/Legacy -I../Drivers/CMSIS/Device/ST/STM32U5xx/Include -I../Drivers/CMSIS/Include -I../Composite -I../Middlewares/Third_Party/AL94_USB_Composite/COMPOSITE/Class/COMPOSITE/Inc -I../Middlewares/Third_Party/AL94_USB_Composite/COMPOSITE/Core/Inc -I../Middlewares/Third_Party/AL94_USB_Composite/COMPOSITE/App -I../Middlewares/Third_Party/AL94_USB_Composite/COMPOSITE/Target -I../Middlewares/Third_Party/AL94_USB_Composite/COMPOSITE/Class/HID_MOUSE/Inc -O0 -ffunction-sections -fdata-sections -Wall -fstack-usage -fcyclomatic-complexity -MMD -MP -MF"Core/Src/system_stm32u5xx.d" -MT"Core/Src/system_stm32u5xx.o" --specs=nano.specs -mfpu=fpv5-sp-d16 -mfloat-abi=hard -mthumb -o "Core/Src/system_stm32u5xx.o"
arm-none-eabi-gcc "../Core/Src/ucpd.c" -mcpu=cortex-m33 -std=gnu11 -g3 -DDEBUG -DUSE_FULL_LL_DRIVER -DUSE_HAL_DRIVER -DSTM32U575xx -c -I../Core/Inc -I../Drivers/STM32U5xx_HAL_Driver/Inc -I../Drivers/STM32U5xx_HAL_Driver/Inc/Legacy -I../Drivers/CMSIS/Device/ST/STM32U5xx/Include -I../Drivers/CMSIS/Include -I../Composite -I../Middlewares/Third_Party/AL94_USB_Composite/COMPOSITE/Class/COMPOSITE/Inc -I../Middlewares/Third_Party/AL94_USB_Composite/COMPOSITE/Core/Inc -I../Middlewares/Third_Party/AL94_USB_Composite/COMPOSITE/App -I../Middlewares/Third_Party/AL94_USB_Composite/COMPOSITE/Target -I../Middlewares/Third_Party/AL94_USB_Composite/COMPOSITE/Class/HID_MOUSE/Inc -O0 -ffunction-sections -fdata-sections -Wall -fstack-usage -fcyclomatic-complexity -MMD -MP -MF"Core/Src/ucpd.d" -MT"Core/Src/ucpd.o" --specs=nano.specs -mfpu=fpv5-sp-d16 -mfloat-abi=hard -mthumb -o "Core/Src/ucpd.o"
../Core/Src/main.c: In function 'main':
../Core/Src/main.c:103:3: warning: implicit declaration of function 'MX_USB_DEVICE_Init' [-Wimplicit-function-declaration]
  103 |   MX_USB_DEVICE_Init();
      |   ^~~~~~~~~~~~~~~~~~
arm-none-eabi-gcc "../Core/Src/usb_otg.c" -mcpu=cortex-m33 -std=gnu11 -g3 -DDEBUG -DUSE_FULL_LL_DRIVER -DUSE_HAL_DRIVER -DSTM32U575xx -c -I../Core/Inc -I../Drivers/STM32U5xx_HAL_Driver/Inc -I../Drivers/STM32U5xx_HAL_Driver/Inc/Legacy -I../Drivers/CMSIS/Device/ST/STM32U5xx/Include -I../Drivers/CMSIS/Include -I../Composite -I../Middlewares/Third_Party/AL94_USB_Composite/COMPOSITE/Class/COMPOSITE/Inc -I../Middlewares/Third_Party/AL94_USB_Composite/COMPOSITE/Core/Inc -I../Middlewares/Third_Party/AL94_USB_Composite/COMPOSITE/App -I../Middlewares/Third_Party/AL94_USB_Composite/COMPOSITE/Target -I../Middlewares/Third_Party/AL94_USB_Composite/COMPOSITE/Class/HID_MOUSE/Inc -O0 -ffunction-sections -fdata-sections -Wall -fstack-usage -fcyclomatic-complexity -MMD -MP -MF"Core/Src/usb_otg.d" -MT"Core/Src/usb_otg.o" --specs=nano.specs -mfpu=fpv5-sp-d16 -mfloat-abi=hard -mthumb -o "Core/Src/usb_otg.o"
arm-none-eabi-gcc -o "usb_composite_with_nucleo_u575zi-q.elf" @"objects.list"   -mcpu=cortex-m33 -T"D:\software\STM32CubeIDE\usb_composite_with_nucleo_u575zi-q\STM32U575ZITXQ_FLASH.ld" --specs=nosys.specs -Wl,-Map="usb_composite_with_nucleo_u575zi-q.map" -Wl,--gc-sections -static --specs=nano.specs -mfpu=fpv5-sp-d16 -mfloat-abi=hard -mthumb -Wl,--start-group -lc -lm -Wl,--end-group
Finished building target: usb_composite_with_nucleo_u575zi-q.elf
 
arm-none-eabi-size  usb_composite_with_nucleo_u575zi-q.elf 
arm-none-eabi-objdump -h -S usb_composite_with_nucleo_u575zi-q.elf  > "usb_composite_with_nucleo_u575zi-q.list"
   text	   data	    bss	    dec	    hex	filename
  37588	    398	   4432	  42418	   a5b2	usb_composite_with_nucleo_u575zi-q.elf
Finished building: default.size.stdout
 
Finished building: usb_composite_with_nucleo_u575zi-q.list
 
08:56:38 **** Build of configuration Debug for project usb_composite_with_nucleo_u575zi-q ****
make -j12 all 
arm-none-eabi-size  usb_composite_with_nucleo_u575zi-q.elf 
   text	   data	    bss	    dec	    hex	filename
  37588	    398	   4432	  42418	   a5b2	usb_composite_with_nucleo_u575zi-q.elf
Finished building: default.size.stdout
 
